              task split family      W_R  delta_bench  delta_O   delta_U   delta_R  missing_term  within_O_term     residual  matched_bench_negatives  bench_negatives  max_score_drift  delta_bench_alternate  metric_drift
phosphorylation_st     0   esm2 0.429747     0.031227 0.031464 -0.098591 -0.024427     -0.055891   2.368044e-04 0.000000e+00                    51426            58555              NaN                    NaN           NaN
phosphorylation_st     1   esm2 0.467188     0.031598 0.031498 -0.120267 -0.039405     -0.070903  -9.954056e-05 1.387779e-17                    46490            53015              NaN                    NaN           NaN
phosphorylation_st     2   esm2 0.442141     0.030373 0.030743 -0.074601 -0.015834     -0.046577   3.698282e-04 6.938894e-18                    50233            57200              NaN                    NaN           NaN
 phosphorylation_y     0   esm2 0.251365     0.063913 0.054099 -0.074411  0.021796     -0.032303  -9.813607e-03 0.000000e+00                     2331             6044              NaN                    NaN           NaN
 phosphorylation_y     1   esm2 0.227777     0.050403 0.043545 -0.086649  0.013890     -0.029655  -6.858303e-03 6.938894e-18                     2370             5455              NaN                    NaN           NaN
 phosphorylation_y     2   esm2 0.226218     0.055012 0.046424 -0.118806  0.009046     -0.037378  -8.588047e-03 6.938894e-18                     2403             5941              NaN                    NaN           NaN
     acetylation_k     0   esm2 0.823248     0.035908 0.038404 -0.195591 -0.154232     -0.192636   2.495807e-03 0.000000e+00                     2877             4669              NaN                    NaN           NaN
     acetylation_k     1   esm2 0.817585     0.017601 0.020042 -0.199280 -0.159272     -0.179314   2.441488e-03 2.775558e-17                     2971             4777              NaN                    NaN           NaN
     acetylation_k     2   esm2 0.805475     0.020626 0.023344 -0.278011 -0.219390     -0.242734   2.717535e-03 2.775558e-17                     3276             5376              NaN                    NaN           NaN
     methylation_k     0   esm2 0.922866     0.109345 0.108945 -0.297934 -0.266549     -0.375494  -4.003465e-04 1.110223e-16                      619             3984              NaN                    NaN           NaN
     methylation_k     1   esm2 0.950975     0.041784 0.048773 -0.248668 -0.234086     -0.282860   6.988862e-03 5.551115e-17                      382             2402              NaN                    NaN           NaN
     methylation_k     2   esm2 0.950600     0.066320 0.060903 -0.261575 -0.245645     -0.306548  -5.417105e-03 0.000000e+00                      399             2869              NaN                    NaN           NaN
     methylation_r     0   esm2 0.888751     0.086220 0.079207 -0.302132 -0.259709     -0.338915  -7.013107e-03 0.000000e+00                      539             1892              NaN                    NaN           NaN
     methylation_r     1   esm2 0.948477     0.058421 0.029777 -0.232784 -0.219257     -0.249034  -2.864397e-02 0.000000e+00                      247             1002              NaN                    NaN           NaN
     methylation_r     2   esm2 0.927170     0.066437 0.077496 -0.213650 -0.192446     -0.269942   1.105973e-02 0.000000e+00                      360             1408              NaN                    NaN           NaN
     sumoylation_k     0   esm2 0.772868     0.032893 0.032916 -0.108083 -0.076057     -0.108973   2.238210e-05 2.775558e-17                     4122             5140              NaN                    NaN           NaN
     sumoylation_k     1   esm2 0.726961     0.018294 0.017999 -0.097779 -0.066167     -0.084166  -2.943346e-04 1.387779e-17                     6053             7586              NaN                    NaN           NaN
     sumoylation_k     2   esm2 0.803816     0.055629 0.055468 -0.084139 -0.056750     -0.112218  -1.613272e-04 0.000000e+00                     3660             4496              NaN                    NaN           NaN
  ubiquitination_k     0   esm2 0.605711     0.046456 0.046456 -0.055890 -0.015536     -0.061992   6.755303e-09 6.938894e-18                    13918            13918         0.000003               0.046456  6.755303e-09
  ubiquitination_k     1   esm2 0.639565     0.046517 0.046517 -0.040187 -0.008936     -0.055453   6.800823e-08 6.938894e-18                    13091            13091         0.000070               0.046517  6.800823e-08
  ubiquitination_k     2   esm2 0.599105     0.042810 0.042810 -0.044834 -0.009698     -0.052508   2.647858e-08 6.938894e-18                    14067            14067         0.000059               0.042810  2.647858e-08
   glycosylation_n     0   esm2 0.940558     0.018372 0.026746 -0.033778 -0.030180     -0.056927   8.374884e-03 6.938894e-18                      243              473              NaN                    NaN           NaN
   glycosylation_n     1   esm2 0.811407     0.010666 0.008453 -0.118630 -0.094663     -0.103116  -2.212959e-03 1.387779e-17                      787             1649              NaN                    NaN           NaN
   glycosylation_n     2   esm2 0.827966     0.013170 0.012114 -0.092969 -0.074891     -0.087005  -1.055299e-03 1.387779e-17                      609             1296              NaN                    NaN           NaN
maximum decomposition residual 1.1102230246251565e-16
